Archive member included because of file (symbol)

d:/program files (x86)/atmel/atmel toolchain/avr8 gcc/native/3.4.1051/avr8-gnu-toolchain/bin/../lib/gcc/avr/4.8.1/avr35\libgcc.a(_mulhi3.o)
                              src/Drivers/Leds.o (__mulhi3)
d:/program files (x86)/atmel/atmel toolchain/avr8 gcc/native/3.4.1051/avr8-gnu-toolchain/bin/../lib/gcc/avr/4.8.1/avr35\libgcc.a(_exit.o)
                              d:/program files (x86)/atmel/atmel toolchain/avr8 gcc/native/3.4.1051/avr8-gnu-toolchain/bin/../lib/gcc/avr/4.8.1/../../../../avr/lib/avr35/crtm32u2.o (exit)
d:/program files (x86)/atmel/atmel toolchain/avr8 gcc/native/3.4.1051/avr8-gnu-toolchain/bin/../lib/gcc/avr/4.8.1/avr35\libgcc.a(_tablejump.o)
                              src/LUFA/LUFA/Drivers/USB/Core/DeviceStandardReq.o (__tablejump2__)
d:/program files (x86)/atmel/atmel toolchain/avr8 gcc/native/3.4.1051/avr8-gnu-toolchain/bin/../lib/gcc/avr/4.8.1/avr35\libgcc.a(_copy_data.o)
                              src/Drivers/Encoder.o (__do_copy_data)
d:/program files (x86)/atmel/atmel toolchain/avr8 gcc/native/3.4.1051/avr8-gnu-toolchain/bin/../lib/gcc/avr/4.8.1/avr35\libgcc.a(_clear_bss.o)
                              src/Drivers/Encoder.o (__do_clear_bss)
d:/program files (x86)/atmel/atmel toolchain/avr8 gcc/native/3.4.1051/avr8-gnu-toolchain/bin/../lib/gcc/avr/4.8.1/../../../../avr/lib/avr35\libc.a(memcpy_P.o)
                              src/LUFA/LUFA/Drivers/USB/Class/Device/RNDISClassDevice.o (memcpy_P)
d:/program files (x86)/atmel/atmel toolchain/avr8 gcc/native/3.4.1051/avr8-gnu-toolchain/bin/../lib/gcc/avr/4.8.1/../../../../avr/lib/avr35\libc.a(memcmp.o)
                              src/LUFA/LUFA/Drivers/USB/Class/Device/HIDClassDevice.o (memcmp)
d:/program files (x86)/atmel/atmel toolchain/avr8 gcc/native/3.4.1051/avr8-gnu-toolchain/bin/../lib/gcc/avr/4.8.1/../../../../avr/lib/avr35\libc.a(memcpy.o)
                              src/LUFA/LUFA/Drivers/USB/Class/Device/HIDClassDevice.o (memcpy)
d:/program files (x86)/atmel/atmel toolchain/avr8 gcc/native/3.4.1051/avr8-gnu-toolchain/bin/../lib/gcc/avr/4.8.1/../../../../avr/lib/avr35\libc.a(memset.o)
                              src/LUFA/LUFA/Drivers/USB/Class/Device/HIDClassDevice.o (memset)
d:/program files (x86)/atmel/atmel toolchain/avr8 gcc/native/3.4.1051/avr8-gnu-toolchain/bin/../lib/gcc/avr/4.8.1/../../../../avr/lib/avr35\libc.a(eerd_byte_atmega32u2.o)
                              src/LUFA/LUFA/Drivers/USB/Core/AVR8/EndpointStream_AVR8.o (__eerd_byte_m32u2)
d:/program files (x86)/atmel/atmel toolchain/avr8 gcc/native/3.4.1051/avr8-gnu-toolchain/bin/../lib/gcc/avr/4.8.1/../../../../avr/lib/avr35\libc.a(eeupd_byte_atmega32u2.o)
                              src/LUFA/LUFA/Drivers/USB/Core/AVR8/EndpointStream_AVR8.o (__eeupd_byte_m32u2)

Allocating common symbols
Common symbol       size              file

USB_IsInitialized   0x1               src/LUFA/LUFA/Drivers/USB/Core/USBTask.o
USB_DeviceState     0x1               src/LUFA/LUFA/Drivers/USB/Core/USBTask.o
USB_Device_ConfigurationNumber
                    0x1               src/LUFA/LUFA/Drivers/USB/Core/DeviceStandardReq.o
USB_Device_CurrentlySelfPowered
                    0x1               src/LUFA/LUFA/Drivers/USB/Core/DeviceStandardReq.o
USB_ControlRequest  0x8               src/LUFA/LUFA/Drivers/USB/Core/USBTask.o
USB_Device_RemoteWakeupEnabled
                    0x1               src/LUFA/LUFA/Drivers/USB/Core/DeviceStandardReq.o

Discarded input sections

 .bss           0x00000000        0x0 d:/program files (x86)/atmel/atmel toolchain/avr8 gcc/native/3.4.1051/avr8-gnu-toolchain/bin/../lib/gcc/avr/4.8.1/../../../../avr/lib/avr35/crtm32u2.o
 .text          0x00000000        0x0 Descriptors.o
 .bss           0x00000000        0x0 Descriptors.o
 .text          0x00000000        0x0 src/config/BoardConfig.o
 .bss           0x00000000        0x0 src/config/BoardConfig.o
 .text          0x00000000        0x0 src/Drivers/Encoder.o
 .bss           0x00000000        0x0 src/Drivers/Encoder.o
 .bss.pinDown   0x00000000        0x1 src/Drivers/Encoder.o
 .text          0x00000000        0x0 src/Drivers/Leds.o
 .bss           0x00000000        0x0 src/Drivers/Leds.o
 .text.Leds_Clear
                0x00000000       0x10 src/Drivers/Leds.o
 .text.Leds_SetColor
                0x00000000       0x1c src/Drivers/Leds.o
 .text          0x00000000        0x0 src/TransistorLabs/avr.o
 .bss           0x00000000        0x0 src/TransistorLabs/avr.o
 .text          0x00000000        0x0 src/TransistorLabs/common.o
 .bss           0x00000000        0x0 src/TransistorLabs/common.o
 .text.Max      0x00000000        0x8 src/TransistorLabs/common.o
 .text.Min      0x00000000        0x8 src/TransistorLabs/common.o
 .text.RotateLeft
                0x00000000        0xc src/TransistorLabs/common.o
 .text.RotateRight
                0x00000000        0xc src/TransistorLabs/common.o
 .text.Rotate11BitsLeft
                0x00000000        0xc src/TransistorLabs/common.o
 .text.Rotate11BitsRight
                0x00000000        0xc src/TransistorLabs/common.o
 .text.Rotate12BitsLeft
                0x00000000        0xc src/TransistorLabs/common.o
 .text.Rotate12BitsRight
                0x00000000        0xc src/TransistorLabs/common.o
 .text          0x00000000        0x0 HidApp.o
 .bss           0x00000000        0x0 HidApp.o
 .text          0x00000000        0x0 src/LUFA/LUFA/Drivers/USB/Class/Common/HIDParser.o
 .bss           0x00000000        0x0 src/LUFA/LUFA/Drivers/USB/Class/Common/HIDParser.o
 .text.USB_ProcessHIDReport
                0x00000000      0x736 src/LUFA/LUFA/Drivers/USB/Class/Common/HIDParser.o
 .text.USB_GetHIDReportItemInfo
                0x00000000       0xbc src/LUFA/LUFA/Drivers/USB/Class/Common/HIDParser.o
 .text.USB_SetHIDReportItemInfo
                0x00000000       0xec src/LUFA/LUFA/Drivers/USB/Class/Common/HIDParser.o
 .text.USB_GetHIDReportSize
                0x00000000       0x62 src/LUFA/LUFA/Drivers/USB/Class/Common/HIDParser.o
 .text          0x00000000        0x0 src/LUFA/LUFA/Drivers/USB/Class/Device/AudioClassDevice.o
 .bss           0x00000000        0x0 src/LUFA/LUFA/Drivers/USB/Class/Device/AudioClassDevice.o
 .text.Audio_Device_ConfigureEndpoints
                0x00000000       0x32 src/LUFA/LUFA/Drivers/USB/Class/Device/AudioClassDevice.o
 .text.Audio_Device_Event_Stub
                0x00000000        0x2 src/LUFA/LUFA/Drivers/USB/Class/Device/AudioClassDevice.o
 .text.Audio_Device_ProcessControlRequest
                0x00000000      0x2e4 src/LUFA/LUFA/Drivers/USB/Class/Device/AudioClassDevice.o
 .text          0x00000000        0x0 src/LUFA/LUFA/Drivers/USB/Class/Device/CDCClassDevice.o
 .bss           0x00000000        0x0 src/LUFA/LUFA/Drivers/USB/Class/Device/CDCClassDevice.o
 .text.CDC_Device_ConfigureEndpoints
                0x00000000       0x50 src/LUFA/LUFA/Drivers/USB/Class/Device/CDCClassDevice.o
 .text.CDC_Device_SendString
                0x00000000       0x44 src/LUFA/LUFA/Drivers/USB/Class/Device/CDCClassDevice.o
 .text.CDC_Device_SendData
                0x00000000       0x3e src/LUFA/LUFA/Drivers/USB/Class/Device/CDCClassDevice.o
 .text.CDC_Device_SendByte
                0x00000000       0x50 src/LUFA/LUFA/Drivers/USB/Class/Device/CDCClassDevice.o
 .text.CDC_Device_putchar
                0x00000000       0x22 src/LUFA/LUFA/Drivers/USB/Class/Device/CDCClassDevice.o
 .text.CDC_Device_Flush
                0x00000000       0x56 src/LUFA/LUFA/Drivers/USB/Class/Device/CDCClassDevice.o
 .text.CDC_Device_USBTask
                0x00000000       0x2e src/LUFA/LUFA/Drivers/USB/Class/Device/CDCClassDevice.o
 .text.CDC_Device_BytesReceived
                0x00000000       0x4a src/LUFA/LUFA/Drivers/USB/Class/Device/CDCClassDevice.o
 .text.CDC_Device_ReceiveByte
                0x00000000       0x5a src/LUFA/LUFA/Drivers/USB/Class/Device/CDCClassDevice.o
 .text.CDC_Device_getchar
                0x00000000       0x14 src/LUFA/LUFA/Drivers/USB/Class/Device/CDCClassDevice.o
 .text.CDC_Device_getchar_Blocking
                0x00000000       0x32 src/LUFA/LUFA/Drivers/USB/Class/Device/CDCClassDevice.o
 .rodata        0x00000000        0x8 src/LUFA/LUFA/Drivers/USB/Class/Device/CDCClassDevice.o
 .text.CDC_Device_SendControlLineStateChange
                0x00000000       0x8e src/LUFA/LUFA/Drivers/USB/Class/Device/CDCClassDevice.o
 .text.CDC_Device_CreateStream
                0x00000000       0x26 src/LUFA/LUFA/Drivers/USB/Class/Device/CDCClassDevice.o
 .text.CDC_Device_CreateBlockingStream
                0x00000000       0x26 src/LUFA/LUFA/Drivers/USB/Class/Device/CDCClassDevice.o
 .text.CDC_Device_Event_Stub
                0x00000000        0x2 src/LUFA/LUFA/Drivers/USB/Class/Device/CDCClassDevice.o
 .text.CDC_Device_ProcessControlRequest
                0x00000000      0x16e src/LUFA/LUFA/Drivers/USB/Class/Device/CDCClassDevice.o
 .text          0x00000000        0x0 src/LUFA/LUFA/Drivers/USB/Class/Device/HIDClassDevice.o
 .bss           0x00000000        0x0 src/LUFA/LUFA/Drivers/USB/Class/Device/HIDClassDevice.o
 .text          0x00000000        0x0 src/LUFA/LUFA/Drivers/USB/Class/Device/MassStorageClassDevice.o
 .bss           0x00000000        0x0 src/LUFA/LUFA/Drivers/USB/Class/Device/MassStorageClassDevice.o
 .text.MS_Device_ProcessControlRequest
                0x00000000       0x82 src/LUFA/LUFA/Drivers/USB/Class/Device/MassStorageClassDevice.o
 .text.MS_Device_ConfigureEndpoints
                0x00000000       0x3e src/LUFA/LUFA/Drivers/USB/Class/Device/MassStorageClassDevice.o
 .text.MS_Device_USBTask
                0x00000000      0x240 src/LUFA/LUFA/Drivers/USB/Class/Device/MassStorageClassDevice.o
 .text          0x00000000        0x0 src/LUFA/LUFA/Drivers/USB/Class/Device/MIDIClassDevice.o
 .bss           0x00000000        0x0 src/LUFA/LUFA/Drivers/USB/Class/Device/MIDIClassDevice.o
 .text.MIDI_Device_ConfigureEndpoints
                0x00000000       0x32 src/LUFA/LUFA/Drivers/USB/Class/Device/MIDIClassDevice.o
 .text.MIDI_Device_SendEventPacket
                0x00000000       0x40 src/LUFA/LUFA/Drivers/USB/Class/Device/MIDIClassDevice.o
 .text.MIDI_Device_Flush
                0x00000000       0x30 src/LUFA/LUFA/Drivers/USB/Class/Device/MIDIClassDevice.o
 .text.MIDI_Device_USBTask
                0x00000000       0x1e src/LUFA/LUFA/Drivers/USB/Class/Device/MIDIClassDevice.o
 .text.MIDI_Device_ReceiveEventPacket
                0x00000000       0x4a src/LUFA/LUFA/Drivers/USB/Class/Device/MIDIClassDevice.o
 .text          0x00000000        0x0 src/LUFA/LUFA/Drivers/USB/Class/Device/PrinterClassDevice.o
 .bss           0x00000000        0x0 src/LUFA/LUFA/Drivers/USB/Class/Device/PrinterClassDevice.o
 .text.PRNT_Device_ConfigureEndpoints
                0x00000000       0x38 src/LUFA/LUFA/Drivers/USB/Class/Device/PrinterClassDevice.o
 .text.PRNT_Device_SendString
                0x00000000       0x34 src/LUFA/LUFA/Drivers/USB/Class/Device/PrinterClassDevice.o
 .text.PRNT_Device_SendData
                0x00000000       0x22 src/LUFA/LUFA/Drivers/USB/Class/Device/PrinterClassDevice.o
 .text.PRNT_Device_SendByte
                0x00000000       0x4e src/LUFA/LUFA/Drivers/USB/Class/Device/PrinterClassDevice.o
 .text.PRNT_Device_putchar
                0x00000000       0x22 src/LUFA/LUFA/Drivers/USB/Class/Device/PrinterClassDevice.o
 .text.PRNT_Device_Flush
                0x00000000       0x46 src/LUFA/LUFA/Drivers/USB/Class/Device/PrinterClassDevice.o
 .text.PRNT_Device_USBTask
                0x00000000       0x9e src/LUFA/LUFA/Drivers/USB/Class/Device/PrinterClassDevice.o
 .text.PRNT_Device_BytesReceived
                0x00000000       0x3a src/LUFA/LUFA/Drivers/USB/Class/Device/PrinterClassDevice.o
 .text.PRNT_Device_ReceiveByte
                0x00000000       0x4a src/LUFA/LUFA/Drivers/USB/Class/Device/PrinterClassDevice.o
 .text.PRNT_Device_getchar
                0x00000000       0x14 src/LUFA/LUFA/Drivers/USB/Class/Device/PrinterClassDevice.o
 .text.PRNT_Device_getchar_Blocking
                0x00000000       0x32 src/LUFA/LUFA/Drivers/USB/Class/Device/PrinterClassDevice.o
 .text.PRNT_Device_CreateStream
                0x00000000       0x26 src/LUFA/LUFA/Drivers/USB/Class/Device/PrinterClassDevice.o
 .text.PRNT_Device_CreateBlockingStream
                0x00000000       0x26 src/LUFA/LUFA/Drivers/USB/Class/Device/PrinterClassDevice.o
 .text.PRNT_Device_Event_Stub
                0x00000000        0x2 src/LUFA/LUFA/Drivers/USB/Class/Device/PrinterClassDevice.o
 .text.PRNT_Device_ProcessControlRequest
                0x00000000       0xde src/LUFA/LUFA/Drivers/USB/Class/Device/PrinterClassDevice.o
 .text          0x00000000        0x0 src/LUFA/LUFA/Drivers/USB/Class/Device/RNDISClassDevice.o
 .bss           0x00000000        0x0 src/LUFA/LUFA/Drivers/USB/Class/Device/RNDISClassDevice.o
 .text.RNDIS_Device_ProcessControlRequest
                0x00000000      0x542 src/LUFA/LUFA/Drivers/USB/Class/Device/RNDISClassDevice.o
 .text.RNDIS_Device_ConfigureEndpoints
                0x00000000       0x50 src/LUFA/LUFA/Drivers/USB/Class/Device/RNDISClassDevice.o
 .rodata        0x00000000        0x8 src/LUFA/LUFA/Drivers/USB/Class/Device/RNDISClassDevice.o
 .text.RNDIS_Device_USBTask
                0x00000000       0x86 src/LUFA/LUFA/Drivers/USB/Class/Device/RNDISClassDevice.o
 .text.RNDIS_Device_IsPacketReceived
                0x00000000       0x2e src/LUFA/LUFA/Drivers/USB/Class/Device/RNDISClassDevice.o
 .text.RNDIS_Device_ReadPacket
                0x00000000       0xba src/LUFA/LUFA/Drivers/USB/Class/Device/RNDISClassDevice.o
 .text.RNDIS_Device_SendPacket
                0x00000000       0xe2 src/LUFA/LUFA/Drivers/USB/Class/Device/RNDISClassDevice.o
 .progmem.data.AdapterSupportedOIDList
                0x00000000       0x6c src/LUFA/LUFA/Drivers/USB/Class/Device/RNDISClassDevice.o
 .text          0x00000000        0x0 src/LUFA/LUFA/Drivers/USB/Class/Host/AndroidAccessoryClassHost.o
 .bss           0x00000000        0x0 src/LUFA/LUFA/Drivers/USB/Class/Host/AndroidAccessoryClassHost.o
 .text          0x00000000        0x0 src/LUFA/LUFA/Drivers/USB/Class/Host/AudioClassHost.o
 .bss           0x00000000        0x0 src/LUFA/LUFA/Drivers/USB/Class/Host/AudioClassHost.o
 .text          0x00000000        0x0 src/LUFA/LUFA/Drivers/USB/Class/Host/CDCClassHost.o
 .bss           0x00000000        0x0 src/LUFA/LUFA/Drivers/USB/Class/Host/CDCClassHost.o
 .text          0x00000000        0x0 src/LUFA/LUFA/Drivers/USB/Class/Host/HIDClassHost.o
 .bss           0x00000000        0x0 src/LUFA/LUFA/Drivers/USB/Class/Host/HIDClassHost.o
 .text          0x00000000        0x0 src/LUFA/LUFA/Drivers/USB/Class/Host/MassStorageClassHost.o
 .bss           0x00000000        0x0 src/LUFA/LUFA/Drivers/USB/Class/Host/MassStorageClassHost.o
 .text          0x00000000        0x0 src/LUFA/LUFA/Drivers/USB/Class/Host/MIDIClassHost.o
 .bss           0x00000000        0x0 src/LUFA/LUFA/Drivers/USB/Class/Host/MIDIClassHost.o
 .text          0x00000000        0x0 src/LUFA/LUFA/Drivers/USB/Class/Host/PrinterClassHost.o
 .bss           0x00000000        0x0 src/LUFA/LUFA/Drivers/USB/Class/Host/PrinterClassHost.o
 .text          0x00000000        0x0 src/LUFA/LUFA/Drivers/USB/Class/Host/RNDISClassHost.o
 .bss           0x00000000        0x0 src/LUFA/LUFA/Drivers/USB/Class/Host/RNDISClassHost.o
 .text          0x00000000        0x0 src/LUFA/LUFA/Drivers/USB/Class/Host/StillImageClassHost.o
 .bss           0x00000000        0x0 src/LUFA/LUFA/Drivers/USB/Class/Host/StillImageClassHost.o
 .text          0x00000000        0x0 src/LUFA/LUFA/Drivers/USB/Core/AVR8/Device_AVR8.o
 .bss           0x00000000        0x0 src/LUFA/LUFA/Drivers/USB/Core/AVR8/Device_AVR8.o
 .text.USB_Device_SendRemoteWakeup
                0x00000000       0x2c src/LUFA/LUFA/Drivers/USB/Core/AVR8/Device_AVR8.o
 .text          0x00000000        0x0 src/LUFA/LUFA/Drivers/USB/Core/AVR8/EndpointStream_AVR8.o
 .bss           0x00000000        0x0 src/LUFA/LUFA/Drivers/USB/Core/AVR8/EndpointStream_AVR8.o
 .text.Endpoint_Discard_Stream
                0x00000000       0x7e src/LUFA/LUFA/Drivers/USB/Core/AVR8/EndpointStream_AVR8.o
 .text.Endpoint_Null_Stream
                0x00000000       0x7e src/LUFA/LUFA/Drivers/USB/Core/AVR8/EndpointStream_AVR8.o
 .text.Endpoint_Write_Stream_BE
                0x00000000       0xa4 src/LUFA/LUFA/Drivers/USB/Core/AVR8/EndpointStream_AVR8.o
 .text.Endpoint_Read_Stream_LE
                0x00000000       0x96 src/LUFA/LUFA/Drivers/USB/Core/AVR8/EndpointStream_AVR8.o
 .text.Endpoint_Read_Stream_BE
                0x00000000       0xa4 src/LUFA/LUFA/Drivers/USB/Core/AVR8/EndpointStream_AVR8.o
 .text.Endpoint_Write_PStream_LE
                0x00000000       0x9a src/LUFA/LUFA/Drivers/USB/Core/AVR8/EndpointStream_AVR8.o
 .text.Endpoint_Write_PStream_BE
                0x00000000       0xa6 src/LUFA/LUFA/Drivers/USB/Core/AVR8/EndpointStream_AVR8.o
 .text.Endpoint_Write_EStream_LE
                0x00000000       0x9c src/LUFA/LUFA/Drivers/USB/Core/AVR8/EndpointStream_AVR8.o
 .text.Endpoint_Write_EStream_BE
                0x00000000       0xa8 src/LUFA/LUFA/Drivers/USB/Core/AVR8/EndpointStream_AVR8.o
 .text.Endpoint_Read_EStream_LE
                0x00000000       0xa0 src/LUFA/LUFA/Drivers/USB/Core/AVR8/EndpointStream_AVR8.o
 .text.Endpoint_Read_EStream_BE
                0x00000000       0xa8 src/LUFA/LUFA/Drivers/USB/Core/AVR8/EndpointStream_AVR8.o
 .text.Endpoint_Write_Control_Stream_BE
                0x00000000       0xc8 src/LUFA/LUFA/Drivers/USB/Core/AVR8/EndpointStream_AVR8.o
 .text.Endpoint_Read_Control_Stream_BE
                0x00000000       0x7c src/LUFA/LUFA/Drivers/USB/Core/AVR8/EndpointStream_AVR8.o
 .text.Endpoint_Write_Control_PStream_BE
                0x00000000       0xd2 src/LUFA/LUFA/Drivers/USB/Core/AVR8/EndpointStream_AVR8.o
 .text.Endpoint_Write_Control_EStream_LE
                0x00000000       0xde src/LUFA/LUFA/Drivers/USB/Core/AVR8/EndpointStream_AVR8.o
 .text.Endpoint_Write_Control_EStream_BE
                0x00000000       0xfe src/LUFA/LUFA/Drivers/USB/Core/AVR8/EndpointStream_AVR8.o
 .text.Endpoint_Read_Control_EStream_LE
                0x00000000       0x90 src/LUFA/LUFA/Drivers/USB/Core/AVR8/EndpointStream_AVR8.o
 .text.Endpoint_Read_Control_EStream_BE
                0x00000000       0x8e src/LUFA/LUFA/Drivers/USB/Core/AVR8/EndpointStream_AVR8.o
 .text          0x00000000        0x0 src/LUFA/LUFA/Drivers/USB/Core/AVR8/Endpoint_AVR8.o
 .bss           0x00000000        0x0 src/LUFA/LUFA/Drivers/USB/Core/AVR8/Endpoint_AVR8.o
 .text.Endpoint_ClearEndpoints
                0x00000000       0x28 src/LUFA/LUFA/Drivers/USB/Core/AVR8/Endpoint_AVR8.o
 .text          0x00000000        0x0 src/LUFA/LUFA/Drivers/USB/Core/AVR8/Host_AVR8.o
 .bss           0x00000000        0x0 src/LUFA/LUFA/Drivers/USB/Core/AVR8/Host_AVR8.o
 .text          0x00000000        0x0 src/LUFA/LUFA/Drivers/USB/Core/AVR8/PipeStream_AVR8.o
 .bss           0x00000000        0x0 src/LUFA/LUFA/Drivers/USB/Core/AVR8/PipeStream_AVR8.o
 .text          0x00000000        0x0 src/LUFA/LUFA/Drivers/USB/Core/AVR8/Pipe_AVR8.o
 .bss           0x00000000        0x0 src/LUFA/LUFA/Drivers/USB/Core/AVR8/Pipe_AVR8.o
 .text          0x00000000        0x0 src/LUFA/LUFA/Drivers/USB/Core/AVR8/Template/Template_Endpoint_Control_R.o
 .bss           0x00000000        0x0 src/LUFA/LUFA/Drivers/USB/Core/AVR8/Template/Template_Endpoint_Control_R.o
 .text          0x00000000        0x0 src/LUFA/LUFA/Drivers/USB/Core/AVR8/Template/Template_Endpoint_Control_W.o
 .bss           0x00000000        0x0 src/LUFA/LUFA/Drivers/USB/Core/AVR8/Template/Template_Endpoint_Control_W.o
 .text          0x00000000        0x0 src/LUFA/LUFA/Drivers/USB/Core/AVR8/Template/Template_Endpoint_RW.o
 .bss           0x00000000        0x0 src/LUFA/LUFA/Drivers/USB/Core/AVR8/Template/Template_Endpoint_RW.o
 .text          0x00000000        0x0 src/LUFA/LUFA/Drivers/USB/Core/AVR8/Template/Template_Pipe_RW.o
 .bss           0x00000000        0x0 src/LUFA/LUFA/Drivers/USB/Core/AVR8/Template/Template_Pipe_RW.o
 .text          0x00000000        0x0 src/LUFA/LUFA/Drivers/USB/Core/AVR8/USBController_AVR8.o
 .bss           0x00000000        0x0 src/LUFA/LUFA/Drivers/USB/Core/AVR8/USBController_AVR8.o
 .text.USB_Disable
                0x00000000       0x2e src/LUFA/LUFA/Drivers/USB/Core/AVR8/USBController_AVR8.o
 .text          0x00000000        0x0 src/LUFA/LUFA/Drivers/USB/Core/AVR8/USBInterrupt_AVR8.o
 .bss           0x00000000        0x0 src/LUFA/LUFA/Drivers/USB/Core/AVR8/USBInterrupt_AVR8.o
 .text          0x00000000        0x0 src/LUFA/LUFA/Drivers/USB/Core/ConfigDescriptors.o
 .bss           0x00000000        0x0 src/LUFA/LUFA/Drivers/USB/Core/ConfigDescriptors.o
 .text.USB_GetNextDescriptor
                0x00000000       0x38 src/LUFA/LUFA/Drivers/USB/Core/ConfigDescriptors.o
 .text.USB_GetNextDescriptorOfType
                0x00000000       0x48 src/LUFA/LUFA/Drivers/USB/Core/ConfigDescriptors.o
 .text.USB_GetNextDescriptorOfTypeBefore
                0x00000000       0x58 src/LUFA/LUFA/Drivers/USB/Core/ConfigDescriptors.o
 .text.USB_GetNextDescriptorOfTypeAfter
                0x00000000       0x3e src/LUFA/LUFA/Drivers/USB/Core/ConfigDescriptors.o
 .text.USB_GetNextDescriptorComp
                0x00000000       0x66 src/LUFA/LUFA/Drivers/USB/Core/ConfigDescriptors.o
 .text          0x00000000        0x0 src/LUFA/LUFA/Drivers/USB/Core/DeviceStandardReq.o
 .bss           0x00000000        0x0 src/LUFA/LUFA/Drivers/USB/Core/DeviceStandardReq.o
 .text          0x00000000        0x0 src/LUFA/LUFA/Drivers/USB/Core/Events.o
 .bss           0x00000000        0x0 src/LUFA/LUFA/Drivers/USB/Core/Events.o
 .text          0x00000000        0x0 src/LUFA/LUFA/Drivers/USB/Core/HostStandardReq.o
 .bss           0x00000000        0x0 src/LUFA/LUFA/Drivers/USB/Core/HostStandardReq.o
 .text          0x00000000        0x0 src/LUFA/LUFA/Drivers/USB/Core/USBTask.o
 .bss           0x00000000        0x0 src/LUFA/LUFA/Drivers/USB/Core/USBTask.o
 .text          0x00000000        0x0 d:/program files (x86)/atmel/atmel toolchain/avr8 gcc/native/3.4.1051/avr8-gnu-toolchain/bin/../lib/gcc/avr/4.8.1/avr35\libgcc.a(_mulhi3.o)
 .bss           0x00000000        0x0 d:/program files (x86)/atmel/atmel toolchain/avr8 gcc/native/3.4.1051/avr8-gnu-toolchain/bin/../lib/gcc/avr/4.8.1/avr35\libgcc.a(_mulhi3.o)
 .text.libgcc.mul
                0x00000000       0x22 d:/program files (x86)/atmel/atmel toolchain/avr8 gcc/native/3.4.1051/avr8-gnu-toolchain/bin/../lib/gcc/avr/4.8.1/avr35\libgcc.a(_mulhi3.o)
 .text.libgcc.div
                0x00000000        0x0 d:/program files (x86)/atmel/atmel toolchain/avr8 gcc/native/3.4.1051/avr8-gnu-toolchain/bin/../lib/gcc/avr/4.8.1/avr35\libgcc.a(_mulhi3.o)
 .text.libgcc   0x00000000        0x0 d:/program files (x86)/atmel/atmel toolchain/avr8 gcc/native/3.4.1051/avr8-gnu-toolchain/bin/../lib/gcc/avr/4.8.1/avr35\libgcc.a(_mulhi3.o)
 .text.libgcc.prologue
                0x00000000        0x0 d:/program files (x86)/atmel/atmel toolchain/avr8 gcc/native/3.4.1051/avr8-gnu-toolchain/bin/../lib/gcc/avr/4.8.1/avr35\libgcc.a(_mulhi3.o)
 .text.libgcc.builtins
                0x00000000        0x0 d:/program files (x86)/atmel/atmel toolchain/avr8 gcc/native/3.4.1051/avr8-gnu-toolchain/bin/../lib/gcc/avr/4.8.1/avr35\libgcc.a(_mulhi3.o)
 .text.libgcc.fmul
                0x00000000        0x0 d:/program files (x86)/atmel/atmel toolchain/avr8 gcc/native/3.4.1051/avr8-gnu-toolchain/bin/../lib/gcc/avr/4.8.1/avr35\libgcc.a(_mulhi3.o)
 .text.libgcc.fixed
                0x00000000        0x0 d:/program files (x86)/atmel/atmel toolchain/avr8 gcc/native/3.4.1051/avr8-gnu-toolchain/bin/../lib/gcc/avr/4.8.1/avr35\libgcc.a(_mulhi3.o)
 .text          0x00000000        0x0 d:/program files (x86)/atmel/atmel toolchain/avr8 gcc/native/3.4.1051/avr8-gnu-toolchain/bin/../lib/gcc/avr/4.8.1/avr35\libgcc.a(_exit.o)
 .bss           0x00000000        0x0 d:/program files (x86)/atmel/atmel toolchain/avr8 gcc/native/3.4.1051/avr8-gnu-toolchain/bin/../lib/gcc/avr/4.8.1/avr35\libgcc.a(_exit.o)
 .text.libgcc.mul
                0x00000000        0x0 d:/program files (x86)/atmel/atmel toolchain/avr8 gcc/native/3.4.1051/avr8-gnu-toolchain/bin/../lib/gcc/avr/4.8.1/avr35\libgcc.a(_exit.o)
 .text.libgcc.div
                0x00000000        0x0 d:/program files (x86)/atmel/atmel toolchain/avr8 gcc/native/3.4.1051/avr8-gnu-toolchain/bin/../lib/gcc/avr/4.8.1/avr35\libgcc.a(_exit.o)
 .text.libgcc   0x00000000        0x0 d:/program files (x86)/atmel/atmel toolchain/avr8 gcc/native/3.4.1051/avr8-gnu-toolchain/bin/../lib/gcc/avr/4.8.1/avr35\libgcc.a(_exit.o)
 .text.libgcc.prologue
                0x00000000        0x0 d:/program files (x86)/atmel/atmel toolchain/avr8 gcc/native/3.4.1051/avr8-gnu-toolchain/bin/../lib/gcc/avr/4.8.1/avr35\libgcc.a(_exit.o)
 .text.libgcc.builtins
                0x00000000        0x0 d:/program files (x86)/atmel/atmel toolchain/avr8 gcc/native/3.4.1051/avr8-gnu-toolchain/bin/../lib/gcc/avr/4.8.1/avr35\libgcc.a(_exit.o)
 .text.libgcc.fmul
                0x00000000        0x0 d:/program files (x86)/atmel/atmel toolchain/avr8 gcc/native/3.4.1051/avr8-gnu-toolchain/bin/../lib/gcc/avr/4.8.1/avr35\libgcc.a(_exit.o)
 .text.libgcc.fixed
                0x00000000        0x0 d:/program files (x86)/atmel/atmel toolchain/avr8 gcc/native/3.4.1051/avr8-gnu-toolchain/bin/../lib/gcc/avr/4.8.1/avr35\libgcc.a(_exit.o)
 .text          0x00000000        0x0 d:/program files (x86)/atmel/atmel toolchain/avr8 gcc/native/3.4.1051/avr8-gnu-toolchain/bin/../lib/gcc/avr/4.8.1/avr35\libgcc.a(_tablejump.o)
 .bss           0x00000000        0x0 d:/program files (x86)/atmel/atmel toolchain/avr8 gcc/native/3.4.1051/avr8-gnu-toolchain/bin/../lib/gcc/avr/4.8.1/avr35\libgcc.a(_tablejump.o)
 .text.libgcc.mul
                0x00000000        0x0 d:/program files (x86)/atmel/atmel toolchain/avr8 gcc/native/3.4.1051/avr8-gnu-toolchain/bin/../lib/gcc/avr/4.8.1/avr35\libgcc.a(_tablejump.o)
 .text.libgcc.div
                0x00000000        0x0 d:/program files (x86)/atmel/atmel toolchain/avr8 gcc/native/3.4.1051/avr8-gnu-toolchain/bin/../lib/gcc/avr/4.8.1/avr35\libgcc.a(_tablejump.o)
 .text.libgcc.prologue
                0x00000000        0x0 d:/program files (x86)/atmel/atmel toolchain/avr8 gcc/native/3.4.1051/avr8-gnu-toolchain/bin/../lib/gcc/avr/4.8.1/avr35\libgcc.a(_tablejump.o)
 .text.libgcc.builtins
                0x00000000        0x0 d:/program files (x86)/atmel/atmel toolchain/avr8 gcc/native/3.4.1051/avr8-gnu-toolchain/bin/../lib/gcc/avr/4.8.1/avr35\libgcc.a(_tablejump.o)
 .text.libgcc.fmul
                0x00000000        0x0 d:/program files (x86)/atmel/atmel toolchain/avr8 gcc/native/3.4.1051/avr8-gnu-toolchain/bin/../lib/gcc/avr/4.8.1/avr35\libgcc.a(_tablejump.o)
 .text.libgcc.fixed
                0x00000000        0x0 d:/program files (x86)/atmel/atmel toolchain/avr8 gcc/native/3.4.1051/avr8-gnu-toolchain/bin/../lib/gcc/avr/4.8.1/avr35\libgcc.a(_tablejump.o)
 .text          0x00000000        0x0 d:/program files (x86)/atmel/atmel toolchain/avr8 gcc/native/3.4.1051/avr8-gnu-toolchain/bin/../lib/gcc/avr/4.8.1/avr35\libgcc.a(_copy_data.o)
 .bss           0x00000000        0x0 d:/program files (x86)/atmel/atmel toolchain/avr8 gcc/native/3.4.1051/avr8-gnu-toolchain/bin/../lib/gcc/avr/4.8.1/avr35\libgcc.a(_copy_data.o)
 .text.libgcc.mul
                0x00000000        0x0 d:/program files (x86)/atmel/atmel toolchain/avr8 gcc/native/3.4.1051/avr8-gnu-toolchain/bin/../lib/gcc/avr/4.8.1/avr35\libgcc.a(_copy_data.o)
 .text.libgcc.div
                0x00000000        0x0 d:/program files (x86)/atmel/atmel toolchain/avr8 gcc/native/3.4.1051/avr8-gnu-toolchain/bin/../lib/gcc/avr/4.8.1/avr35\libgcc.a(_copy_data.o)
 .text.libgcc   0x00000000        0x0 d:/program files (x86)/atmel/atmel toolchain/avr8 gcc/native/3.4.1051/avr8-gnu-toolchain/bin/../lib/gcc/avr/4.8.1/avr35\libgcc.a(_copy_data.o)
 .text.libgcc.prologue
                0x00000000        0x0 d:/program files (x86)/atmel/atmel toolchain/avr8 gcc/native/3.4.1051/avr8-gnu-toolchain/bin/../lib/gcc/avr/4.8.1/avr35\libgcc.a(_copy_data.o)
 .text.libgcc.builtins
                0x00000000        0x0 d:/program files (x86)/atmel/atmel toolchain/avr8 gcc/native/3.4.1051/avr8-gnu-toolchain/bin/../lib/gcc/avr/4.8.1/avr35\libgcc.a(_copy_data.o)
 .text.libgcc.fmul
                0x00000000        0x0 d:/program files (x86)/atmel/atmel toolchain/avr8 gcc/native/3.4.1051/avr8-gnu-toolchain/bin/../lib/gcc/avr/4.8.1/avr35\libgcc.a(_copy_data.o)
 .text.libgcc.fixed
                0x00000000        0x0 d:/program files (x86)/atmel/atmel toolchain/avr8 gcc/native/3.4.1051/avr8-gnu-toolchain/bin/../lib/gcc/avr/4.8.1/avr35\libgcc.a(_copy_data.o)
 .text          0x00000000        0x0 d:/program files (x86)/atmel/atmel toolchain/avr8 gcc/native/3.4.1051/avr8-gnu-toolchain/bin/../lib/gcc/avr/4.8.1/avr35\libgcc.a(_clear_bss.o)
 .bss           0x00000000        0x0 d:/program files (x86)/atmel/atmel toolchain/avr8 gcc/native/3.4.1051/avr8-gnu-toolchain/bin/../lib/gcc/avr/4.8.1/avr35\libgcc.a(_clear_bss.o)
 .text.libgcc.mul
                0x00000000        0x0 d:/program files (x86)/atmel/atmel toolchain/avr8 gcc/native/3.4.1051/avr8-gnu-toolchain/bin/../lib/gcc/avr/4.8.1/avr35\libgcc.a(_clear_bss.o)
 .text.libgcc.div
                0x00000000        0x0 d:/program files (x86)/atmel/atmel toolchain/avr8 gcc/native/3.4.1051/avr8-gnu-toolchain/bin/../lib/gcc/avr/4.8.1/avr35\libgcc.a(_clear_bss.o)
 .text.libgcc   0x00000000        0x0 d:/program files (x86)/atmel/atmel toolchain/avr8 gcc/native/3.4.1051/avr8-gnu-toolchain/bin/../lib/gcc/avr/4.8.1/avr35\libgcc.a(_clear_bss.o)
 .text.libgcc.prologue
                0x00000000        0x0 d:/program files (x86)/atmel/atmel toolchain/avr8 gcc/native/3.4.1051/avr8-gnu-toolchain/bin/../lib/gcc/avr/4.8.1/avr35\libgcc.a(_clear_bss.o)
 .text.libgcc.builtins
                0x00000000        0x0 d:/program files (x86)/atmel/atmel toolchain/avr8 gcc/native/3.4.1051/avr8-gnu-toolchain/bin/../lib/gcc/avr/4.8.1/avr35\libgcc.a(_clear_bss.o)
 .text.libgcc.fmul
                0x00000000        0x0 d:/program files (x86)/atmel/atmel toolchain/avr8 gcc/native/3.4.1051/avr8-gnu-toolchain/bin/../lib/gcc/avr/4.8.1/avr35\libgcc.a(_clear_bss.o)
 .text.libgcc.fixed
                0x00000000        0x0 d:/program files (x86)/atmel/atmel toolchain/avr8 gcc/native/3.4.1051/avr8-gnu-toolchain/bin/../lib/gcc/avr/4.8.1/avr35\libgcc.a(_clear_bss.o)
 .text          0x00000000        0x0 d:/program files (x86)/atmel/atmel toolchain/avr8 gcc/native/3.4.1051/avr8-gnu-toolchain/bin/../lib/gcc/avr/4.8.1/../../../../avr/lib/avr35\libc.a(memcpy_P.o)
 .bss           0x00000000        0x0 d:/program files (x86)/atmel/atmel toolchain/avr8 gcc/native/3.4.1051/avr8-gnu-toolchain/bin/../lib/gcc/avr/4.8.1/../../../../avr/lib/avr35\libc.a(memcpy_P.o)
 .text.avr-libc
                0x00000000       0x12 d:/program files (x86)/atmel/atmel toolchain/avr8 gcc/native/3.4.1051/avr8-gnu-toolchain/bin/../lib/gcc/avr/4.8.1/../../../../avr/lib/avr35\libc.a(memcpy_P.o)
 .text          0x00000000        0x0 d:/program files (x86)/atmel/atmel toolchain/avr8 gcc/native/3.4.1051/avr8-gnu-toolchain/bin/../lib/gcc/avr/4.8.1/../../../../avr/lib/avr35\libc.a(memcmp.o)
 .bss           0x00000000        0x0 d:/program files (x86)/atmel/atmel toolchain/avr8 gcc/native/3.4.1051/avr8-gnu-toolchain/bin/../lib/gcc/avr/4.8.1/../../../../avr/lib/avr35\libc.a(memcmp.o)
 .text          0x00000000        0x0 d:/program files (x86)/atmel/atmel toolchain/avr8 gcc/native/3.4.1051/avr8-gnu-toolchain/bin/../lib/gcc/avr/4.8.1/../../../../avr/lib/avr35\libc.a(memcpy.o)
 .bss           0x00000000        0x0 d:/program files (x86)/atmel/atmel toolchain/avr8 gcc/native/3.4.1051/avr8-gnu-toolchain/bin/../lib/gcc/avr/4.8.1/../../../../avr/lib/avr35\libc.a(memcpy.o)
 .text          0x00000000        0x0 d:/program files (x86)/atmel/atmel toolchain/avr8 gcc/native/3.4.1051/avr8-gnu-toolchain/bin/../lib/gcc/avr/4.8.1/../../../../avr/lib/avr35\libc.a(memset.o)
 .bss           0x00000000        0x0 d:/program files (x86)/atmel/atmel toolchain/avr8 gcc/native/3.4.1051/avr8-gnu-toolchain/bin/../lib/gcc/avr/4.8.1/../../../../avr/lib/avr35\libc.a(memset.o)
 .text          0x00000000        0x0 d:/program files (x86)/atmel/atmel toolchain/avr8 gcc/native/3.4.1051/avr8-gnu-toolchain/bin/../lib/gcc/avr/4.8.1/../../../../avr/lib/avr35\libc.a(eerd_byte_atmega32u2.o)
 .bss           0x00000000        0x0 d:/program files (x86)/atmel/atmel toolchain/avr8 gcc/native/3.4.1051/avr8-gnu-toolchain/bin/../lib/gcc/avr/4.8.1/../../../../avr/lib/avr35\libc.a(eerd_byte_atmega32u2.o)
 .text.avr-libc
                0x00000000       0x10 d:/program files (x86)/atmel/atmel toolchain/avr8 gcc/native/3.4.1051/avr8-gnu-toolchain/bin/../lib/gcc/avr/4.8.1/../../../../avr/lib/avr35\libc.a(eerd_byte_atmega32u2.o)
 .text          0x00000000        0x0 d:/program files (x86)/atmel/atmel toolchain/avr8 gcc/native/3.4.1051/avr8-gnu-toolchain/bin/../lib/gcc/avr/4.8.1/../../../../avr/lib/avr35\libc.a(eeupd_byte_atmega32u2.o)
 .bss           0x00000000        0x0 d:/program files (x86)/atmel/atmel toolchain/avr8 gcc/native/3.4.1051/avr8-gnu-toolchain/bin/../lib/gcc/avr/4.8.1/../../../../avr/lib/avr35\libc.a(eeupd_byte_atmega32u2.o)
 .text.avr-libc
                0x00000000       0x24 d:/program files (x86)/atmel/atmel toolchain/avr8 gcc/native/3.4.1051/avr8-gnu-toolchain/bin/../lib/gcc/avr/4.8.1/../../../../avr/lib/avr35\libc.a(eeupd_byte_atmega32u2.o)

Memory Configuration

Name             Origin             Length             Attributes
text             0x00000000         0x00010000         xr
data             0x00800060         0x0000ffa0         rw !x
eeprom           0x00810000         0x00010000         rw !x
fuse             0x00820000         0x00000400         rw !x
lock             0x00830000         0x00000400         rw !x
signature        0x00840000         0x00000400         rw !x
user_signatures  0x00850000         0x00000400         rw !x
*default*        0x00000000         0xffffffff

Linker script and memory map

Address of section .data set to 0x800100
LOAD d:/program files (x86)/atmel/atmel toolchain/avr8 gcc/native/3.4.1051/avr8-gnu-toolchain/bin/../lib/gcc/avr/4.8.1/../../../../avr/lib/avr35/crtm32u2.o
LOAD Descriptors.o
LOAD src/config/BoardConfig.o
LOAD src/Drivers/Encoder.o
LOAD src/Drivers/Leds.o
LOAD src/TransistorLabs/avr.o
LOAD src/TransistorLabs/common.o
LOAD HidApp.o
LOAD src/LUFA/LUFA/Drivers/USB/Class/Common/HIDParser.o
LOAD src/LUFA/LUFA/Drivers/USB/Class/Device/AudioClassDevice.o
LOAD src/LUFA/LUFA/Drivers/USB/Class/Device/CDCClassDevice.o
LOAD src/LUFA/LUFA/Drivers/USB/Class/Device/HIDClassDevice.o
LOAD src/LUFA/LUFA/Drivers/USB/Class/Device/MassStorageClassDevice.o
LOAD src/LUFA/LUFA/Drivers/USB/Class/Device/MIDIClassDevice.o
LOAD src/LUFA/LUFA/Drivers/USB/Class/Device/PrinterClassDevice.o
LOAD src/LUFA/LUFA/Drivers/USB/Class/Device/RNDISClassDevice.o
LOAD src/LUFA/LUFA/Drivers/USB/Class/Host/AndroidAccessoryClassHost.o
LOAD src/LUFA/LUFA/Drivers/USB/Class/Host/AudioClassHost.o
LOAD src/LUFA/LUFA/Drivers/USB/Class/Host/CDCClassHost.o
LOAD src/LUFA/LUFA/Drivers/USB/Class/Host/HIDClassHost.o
LOAD src/LUFA/LUFA/Drivers/USB/Class/Host/MassStorageClassHost.o
LOAD src/LUFA/LUFA/Drivers/USB/Class/Host/MIDIClassHost.o
LOAD src/LUFA/LUFA/Drivers/USB/Class/Host/PrinterClassHost.o
LOAD src/LUFA/LUFA/Drivers/USB/Class/Host/RNDISClassHost.o
LOAD src/LUFA/LUFA/Drivers/USB/Class/Host/StillImageClassHost.o
LOAD src/LUFA/LUFA/Drivers/USB/Core/AVR8/Device_AVR8.o
LOAD src/LUFA/LUFA/Drivers/USB/Core/AVR8/EndpointStream_AVR8.o
LOAD src/LUFA/LUFA/Drivers/USB/Core/AVR8/Endpoint_AVR8.o
LOAD src/LUFA/LUFA/Drivers/USB/Core/AVR8/Host_AVR8.o
LOAD src/LUFA/LUFA/Drivers/USB/Core/AVR8/PipeStream_AVR8.o
LOAD src/LUFA/LUFA/Drivers/USB/Core/AVR8/Pipe_AVR8.o
LOAD src/LUFA/LUFA/Drivers/USB/Core/AVR8/Template/Template_Endpoint_Control_R.o
LOAD src/LUFA/LUFA/Drivers/USB/Core/AVR8/Template/Template_Endpoint_Control_W.o
LOAD src/LUFA/LUFA/Drivers/USB/Core/AVR8/Template/Template_Endpoint_RW.o
LOAD src/LUFA/LUFA/Drivers/USB/Core/AVR8/Template/Template_Pipe_RW.o
LOAD src/LUFA/LUFA/Drivers/USB/Core/AVR8/USBController_AVR8.o
LOAD src/LUFA/LUFA/Drivers/USB/Core/AVR8/USBInterrupt_AVR8.o
LOAD src/LUFA/LUFA/Drivers/USB/Core/ConfigDescriptors.o
LOAD src/LUFA/LUFA/Drivers/USB/Core/DeviceStandardReq.o
LOAD src/LUFA/LUFA/Drivers/USB/Core/Events.o
LOAD src/LUFA/LUFA/Drivers/USB/Core/HostStandardReq.o
LOAD src/LUFA/LUFA/Drivers/USB/Core/USBTask.o
START GROUP
LOAD d:/program files (x86)/atmel/atmel toolchain/avr8 gcc/native/3.4.1051/avr8-gnu-toolchain/bin/../lib/gcc/avr/4.8.1/../../../../avr/lib/avr35\libm.a
END GROUP
START GROUP
LOAD d:/program files (x86)/atmel/atmel toolchain/avr8 gcc/native/3.4.1051/avr8-gnu-toolchain/bin/../lib/gcc/avr/4.8.1/avr35\libgcc.a
LOAD d:/program files (x86)/atmel/atmel toolchain/avr8 gcc/native/3.4.1051/avr8-gnu-toolchain/bin/../lib/gcc/avr/4.8.1/../../../../avr/lib/avr35\libm.a
LOAD d:/program files (x86)/atmel/atmel toolchain/avr8 gcc/native/3.4.1051/avr8-gnu-toolchain/bin/../lib/gcc/avr/4.8.1/../../../../avr/lib/avr35\libc.a
END GROUP

.hash
 *(.hash)

.dynsym
 *(.dynsym)

.dynstr
 *(.dynstr)

.gnu.version
 *(.gnu.version)

.gnu.version_d
 *(.gnu.version_d)

.gnu.version_r
 *(.gnu.version_r)

.rel.init
 *(.rel.init)

.rela.init
 *(.rela.init)

.rel.text
 *(.rel.text)
 *(.rel.text.*)
 *(.rel.gnu.linkonce.t*)

.rela.text
 *(.rela.text)
 *(.rela.text.*)
 *(.rela.gnu.linkonce.t*)

.rel.fini
 *(.rel.fini)

.rela.fini
 *(.rela.fini)

.rel.rodata
 *(.rel.rodata)
 *(.rel.rodata.*)
 *(.rel.gnu.linkonce.r*)

.rela.rodata
 *(.rela.rodata)
 *(.rela.rodata.*)
 *(.rela.gnu.linkonce.r*)

.rel.data
 *(.rel.data)
 *(.rel.data.*)
 *(.rel.gnu.linkonce.d*)

.rela.data
 *(.rela.data)
 *(.rela.data.*)
 *(.rela.gnu.linkonce.d*)

.rel.ctors
 *(.rel.ctors)

.rela.ctors
 *(.rela.ctors)

.rel.dtors
 *(.rel.dtors)

.rela.dtors
 *(.rela.dtors)

.rel.got
 *(.rel.got)

.rela.got
 *(.rela.got)

.rel.bss
 *(.rel.bss)

.rela.bss
 *(.rela.bss)

.rel.plt
 *(.rel.plt)

.rela.plt
 *(.rela.plt)

.text           0x00000000     0x12fc
 *(.vectors)
 .vectors       0x00000000       0x74 d:/program files (x86)/atmel/atmel toolchain/avr8 gcc/native/3.4.1051/avr8-gnu-toolchain/bin/../lib/gcc/avr/4.8.1/../../../../avr/lib/avr35/crtm32u2.o
                0x00000000                __vector_default
                0x00000000                __vectors
 *(.vectors)
 *(.progmem.gcc*)
 .progmem.gcc_sw_table.USB_Device_ProcessControlRequest
                0x00000074       0x14 src/LUFA/LUFA/Drivers/USB/Core/DeviceStandardReq.o
                0x00000088                . = ALIGN (0x2)
                0x00000088                __trampolines_start = .
 *(.trampolines)
 .trampolines   0x00000088        0x0 linker stubs
 *(.trampolines*)
                0x00000088                __trampolines_end = .
 *(.progmem*)
 .progmem.data.ProductString
                0x00000088       0x22 Descriptors.o
                0x00000088                ProductString
 .progmem.data.ManufacturerString
                0x000000aa       0x32 Descriptors.o
                0x000000aa                ManufacturerString
 .progmem.data.LanguageString
                0x000000dc        0x4 Descriptors.o
                0x000000dc                LanguageString
 .progmem.data.ConfigurationDescriptor
                0x000000e0       0x22 Descriptors.o
                0x000000e0                ConfigurationDescriptor
 .progmem.data.DeviceDescriptor
                0x00000102       0x12 Descriptors.o
                0x00000102                DeviceDescriptor
 .progmem.data.GenericReport
                0x00000114       0x20 Descriptors.o
                0x00000114                GenericReport
                0x00000134                . = ALIGN (0x2)
 *(.jumptables)
 *(.jumptables*)
 *(.lowtext)
 *(.lowtext*)
                0x00000134                __ctors_start = .
 *(.ctors)
                0x00000134                __ctors_end = .
                0x00000134                __dtors_start = .
 *(.dtors)
                0x00000134                __dtors_end = .
 SORT(*)(.ctors)
 SORT(*)(.dtors)
 *(.init0)
 .init0         0x00000134        0x0 d:/program files (x86)/atmel/atmel toolchain/avr8 gcc/native/3.4.1051/avr8-gnu-toolchain/bin/../lib/gcc/avr/4.8.1/../../../../avr/lib/avr35/crtm32u2.o
                0x00000134                __init
 *(.init0)
 *(.init1)
 *(.init1)
 *(.init2)
 .init2         0x00000134        0xc d:/program files (x86)/atmel/atmel toolchain/avr8 gcc/native/3.4.1051/avr8-gnu-toolchain/bin/../lib/gcc/avr/4.8.1/../../../../avr/lib/avr35/crtm32u2.o
 *(.init2)
 *(.init3)
 *(.init3)
 *(.init4)
 .init4         0x00000140       0x16 d:/program files (x86)/atmel/atmel toolchain/avr8 gcc/native/3.4.1051/avr8-gnu-toolchain/bin/../lib/gcc/avr/4.8.1/avr35\libgcc.a(_copy_data.o)
                0x00000140                __do_copy_data
 .init4         0x00000156       0x10 d:/program files (x86)/atmel/atmel toolchain/avr8 gcc/native/3.4.1051/avr8-gnu-toolchain/bin/../lib/gcc/avr/4.8.1/avr35\libgcc.a(_clear_bss.o)
                0x00000156                __do_clear_bss
 *(.init4)
 *(.init5)
 *(.init5)
 *(.init6)
 *(.init6)
 *(.init7)
 *(.init7)
 *(.init8)
 *(.init8)
 *(.init9)
 .init9         0x00000166        0x6 d:/program files (x86)/atmel/atmel toolchain/avr8 gcc/native/3.4.1051/avr8-gnu-toolchain/bin/../lib/gcc/avr/4.8.1/../../../../avr/lib/avr35/crtm32u2.o
 *(.init9)
 *(.text)
 .text          0x0000016c        0x2 d:/program files (x86)/atmel/atmel toolchain/avr8 gcc/native/3.4.1051/avr8-gnu-toolchain/bin/../lib/gcc/avr/4.8.1/../../../../avr/lib/avr35/crtm32u2.o
                0x0000016c                __vector_22
                0x0000016c                __vector_28
                0x0000016c                __vector_1
                0x0000016c                __vector_24
                0x0000016c                __vector_12
                0x0000016c                __bad_interrupt
                0x0000016c                __vector_6
                0x0000016c                __vector_3
                0x0000016c                __vector_23
                0x0000016c                __vector_25
                0x0000016c                __vector_13
                0x0000016c                __vector_17
                0x0000016c                __vector_19
                0x0000016c                __vector_7
                0x0000016c                __vector_27
                0x0000016c                __vector_5
                0x0000016c                __vector_4
                0x0000016c                __vector_9
                0x0000016c                __vector_2
                0x0000016c                __vector_21
                0x0000016c                __vector_15
                0x0000016c                __vector_8
                0x0000016c                __vector_26
                0x0000016c                __vector_14
                0x0000016c                __vector_10
                0x0000016c                __vector_16
                0x0000016c                __vector_18
                0x0000016c                __vector_20
                0x0000016e                . = ALIGN (0x2)
 *(.text.*)
 .text.CALLBACK_USB_GetDescriptor
                0x0000016e       0x86 Descriptors.o
                0x0000016e                CALLBACK_USB_GetDescriptor
 .text.BoardConfig_Init
                0x000001f4       0x64 src/config/BoardConfig.o
                0x000001f4                BoardConfig_Init
 .text.Encoder_Init
                0x00000258       0x22 src/Drivers/Encoder.o
                0x00000258                Encoder_Init
 .text.Encoder_Task
                0x0000027a      0x166 src/Drivers/Encoder.o
                0x0000027a                Encoder_Task
 .text.Leds_Task
                0x000003e0      0x106 src/Drivers/Leds.o
                0x000003e0                Leds_Task
 .text.Leds_SetWhite
                0x000004e6       0x20 src/Drivers/Leds.o
                0x000004e6                Leds_SetWhite
 .text.Leds_Init
                0x00000506       0x30 src/Drivers/Leds.o
                0x00000506                Leds_Init
 .text.EVENT_EncoderButtonDown
                0x00000536        0x6 HidApp.o
                0x00000536                EVENT_EncoderButtonDown
 .text.EVENT_EncoderButtonUp
                0x0000053c        0xe HidApp.o
                0x0000053c                EVENT_EncoderButtonUp
 .text.EVENT_Encoder_CC
                0x0000054a        0xc HidApp.o
                0x0000054a                EVENT_Encoder_CC
 .text.EVENT_Encoder_CCW
                0x00000556        0xc HidApp.o
                0x00000556                EVENT_Encoder_CCW
 .text.HidApp_Init
                0x00000562       0x40 HidApp.o
                0x00000562                HidApp_Init
 .text.startup.main
                0x000005a2       0x12 HidApp.o
                0x000005a2                main
 .text.EVENT_USB_Device_Connect
                0x000005b4        0x2 HidApp.o
                0x000005b4                EVENT_USB_Device_Connect
 .text.EVENT_USB_Device_Disconnect
                0x000005b6        0x2 HidApp.o
                0x000005b6                EVENT_USB_Device_Disconnect
 .text.EVENT_USB_Device_ConfigurationChanged
                0x000005b8       0x12 HidApp.o
                0x000005b8                EVENT_USB_Device_ConfigurationChanged
 .text.EVENT_USB_Device_ControlRequest
                0x000005ca        0x6 HidApp.o
                0x000005ca                EVENT_USB_Device_ControlRequest
 .text.EVENT_USB_Device_StartOfFrame
                0x000005d0       0x18 HidApp.o
                0x000005d0                EVENT_USB_Device_StartOfFrame
 .text.CALLBACK_HID_Device_CreateHIDReport
                0x000005e8       0x24 HidApp.o
                0x000005e8                CALLBACK_HID_Device_CreateHIDReport
 .text.CALLBACK_HID_Device_ProcessHIDReport
                0x0000060c        0x2 HidApp.o
                0x0000060c                CALLBACK_HID_Device_ProcessHIDReport
 .text.HID_Device_ProcessControlRequest
                0x0000060e      0x25c src/LUFA/LUFA/Drivers/USB/Class/Device/HIDClassDevice.o
                0x0000060e                HID_Device_ProcessControlRequest
 .text.HID_Device_ConfigureEndpoints
                0x0000086a       0x26 src/LUFA/LUFA/Drivers/USB/Class/Device/HIDClassDevice.o
                0x0000086a                HID_Device_ConfigureEndpoints
 .text.HID_Device_USBTask
                0x00000890      0x17a src/LUFA/LUFA/Drivers/USB/Class/Device/HIDClassDevice.o
                0x00000890                HID_Device_USBTask
 .text.Endpoint_Write_Stream_LE
                0x00000a0a       0x90 src/LUFA/LUFA/Drivers/USB/Core/AVR8/EndpointStream_AVR8.o
                0x00000a0a                Endpoint_Write_Stream_LE
 .text.Endpoint_Write_Control_Stream_LE
                0x00000a9a       0xbe src/LUFA/LUFA/Drivers/USB/Core/AVR8/EndpointStream_AVR8.o
                0x00000a9a                Endpoint_Write_Control_Stream_LE
 .text.Endpoint_Read_Control_Stream_LE
                0x00000b58       0x78 src/LUFA/LUFA/Drivers/USB/Core/AVR8/EndpointStream_AVR8.o
                0x00000b58                Endpoint_Read_Control_Stream_LE
 .text.Endpoint_Write_Control_PStream_LE
                0x00000bd0       0xc0 src/LUFA/LUFA/Drivers/USB/Core/AVR8/EndpointStream_AVR8.o
                0x00000bd0                Endpoint_Write_Control_PStream_LE
 .text.Endpoint_ConfigureEndpoint_Prv
                0x00000c90       0x6a src/LUFA/LUFA/Drivers/USB/Core/AVR8/Endpoint_AVR8.o
                0x00000c90                Endpoint_ConfigureEndpoint_Prv
 .text.Endpoint_ConfigureEndpointTable
                0x00000cfa       0x78 src/LUFA/LUFA/Drivers/USB/Core/AVR8/Endpoint_AVR8.o
                0x00000cfa                Endpoint_ConfigureEndpointTable
 .text.Endpoint_ClearStatusStage
                0x00000d72       0x42 src/LUFA/LUFA/Drivers/USB/Core/AVR8/Endpoint_AVR8.o
                0x00000d72                Endpoint_ClearStatusStage
 .text.Endpoint_WaitUntilReady
                0x00000db4       0x60 src/LUFA/LUFA/Drivers/USB/Core/AVR8/Endpoint_AVR8.o
                0x00000db4                Endpoint_WaitUntilReady
 .text.USB_ResetInterface
                0x00000e14       0x72 src/LUFA/LUFA/Drivers/USB/Core/AVR8/USBController_AVR8.o
                0x00000e14                USB_ResetInterface
 .text.USB_Init
                0x00000e86       0x12 src/LUFA/LUFA/Drivers/USB/Core/AVR8/USBController_AVR8.o
                0x00000e86                USB_Init
 .text.USB_INT_DisableAllInterrupts
                0x00000e98        0x6 src/LUFA/LUFA/Drivers/USB/Core/AVR8/USBInterrupt_AVR8.o
                0x00000e98                USB_INT_DisableAllInterrupts
 .text.USB_INT_ClearAllInterrupts
                0x00000e9e        0x6 src/LUFA/LUFA/Drivers/USB/Core/AVR8/USBInterrupt_AVR8.o
                0x00000e9e                USB_INT_ClearAllInterrupts
 .text.__vector_11
                0x00000ea4      0x148 src/LUFA/LUFA/Drivers/USB/Core/AVR8/USBInterrupt_AVR8.o
                0x00000ea4                __vector_11
 .text.USB_Device_ProcessControlRequest
                0x00000fec      0x28c src/LUFA/LUFA/Drivers/USB/Core/DeviceStandardReq.o
                0x00000fec                USB_Device_ProcessControlRequest
 .text.USB_Event_Stub
                0x00001278        0x2 src/LUFA/LUFA/Drivers/USB/Core/Events.o
                0x00001278                USB_Event_Stub
                0x00001278                EVENT_USB_Device_Suspend
                0x00001278                EVENT_USB_Device_Reset
                0x00001278                EVENT_USB_Device_WakeUp
 .text.USB_USBTask
                0x0000127a       0x38 src/LUFA/LUFA/Drivers/USB/Core/USBTask.o
                0x0000127a                USB_USBTask
 .text.libgcc   0x000012b2        0xc d:/program files (x86)/atmel/atmel toolchain/avr8 gcc/native/3.4.1051/avr8-gnu-toolchain/bin/../lib/gcc/avr/4.8.1/avr35\libgcc.a(_tablejump.o)
                0x000012b2                __tablejump2__
                0x000012b6                __tablejump__
 .text.avr-libc
                0x000012be       0x1a d:/program files (x86)/atmel/atmel toolchain/avr8 gcc/native/3.4.1051/avr8-gnu-toolchain/bin/../lib/gcc/avr/4.8.1/../../../../avr/lib/avr35\libc.a(memcmp.o)
                0x000012be                memcmp
 .text.avr-libc
                0x000012d8       0x12 d:/program files (x86)/atmel/atmel toolchain/avr8 gcc/native/3.4.1051/avr8-gnu-toolchain/bin/../lib/gcc/avr/4.8.1/../../../../avr/lib/avr35\libc.a(memcpy.o)
                0x000012d8                memcpy
 .text.avr-libc
                0x000012ea        0xe d:/program files (x86)/atmel/atmel toolchain/avr8 gcc/native/3.4.1051/avr8-gnu-toolchain/bin/../lib/gcc/avr/4.8.1/../../../../avr/lib/avr35\libc.a(memset.o)
                0x000012ea                memset
                0x000012f8                . = ALIGN (0x2)
 *(.fini9)
 .fini9         0x000012f8        0x0 d:/program files (x86)/atmel/atmel toolchain/avr8 gcc/native/3.4.1051/avr8-gnu-toolchain/bin/../lib/gcc/avr/4.8.1/avr35\libgcc.a(_exit.o)
                0x000012f8                _exit
                0x000012f8                exit
 *(.fini9)
 *(.fini8)
 *(.fini8)
 *(.fini7)
 *(.fini7)
 *(.fini6)
 *(.fini6)
 *(.fini5)
 *(.fini5)
 *(.fini4)
 *(.fini4)
 *(.fini3)
 *(.fini3)
 *(.fini2)
 *(.fini2)
 *(.fini1)
 *(.fini1)
 *(.fini0)
 .fini0         0x000012f8        0x4 d:/program files (x86)/atmel/atmel toolchain/avr8 gcc/native/3.4.1051/avr8-gnu-toolchain/bin/../lib/gcc/avr/4.8.1/avr35\libgcc.a(_exit.o)
 *(.fini0)
                0x000012fc                _etext = .

.data           0x00800100       0x2e load address 0x000012fc
                0x00800100                PROVIDE (__data_start, .)
 *(.data)
 .data          0x00800100        0x0 d:/program files (x86)/atmel/atmel toolchain/avr8 gcc/native/3.4.1051/avr8-gnu-toolchain/bin/../lib/gcc/avr/4.8.1/../../../../avr/lib/avr35/crtm32u2.o
 .data          0x00800100        0x0 Descriptors.o
 .data          0x00800100        0x0 src/config/BoardConfig.o
 .data          0x00800100        0x0 src/Drivers/Encoder.o
 .data          0x00800100        0x0 src/Drivers/Leds.o
 .data          0x00800100        0x0 src/TransistorLabs/avr.o
 .data          0x00800100        0x0 src/TransistorLabs/common.o
 .data          0x00800100        0x0 HidApp.o
 .data          0x00800100        0x0 src/LUFA/LUFA/Drivers/USB/Class/Common/HIDParser.o
 .data          0x00800100        0x0 src/LUFA/LUFA/Drivers/USB/Class/Device/AudioClassDevice.o
 .data          0x00800100        0x0 src/LUFA/LUFA/Drivers/USB/Class/Device/CDCClassDevice.o
 .data          0x00800100        0x0 src/LUFA/LUFA/Drivers/USB/Class/Device/HIDClassDevice.o
 .data          0x00800100        0x0 src/LUFA/LUFA/Drivers/USB/Class/Device/MassStorageClassDevice.o
 .data          0x00800100        0x0 src/LUFA/LUFA/Drivers/USB/Class/Device/MIDIClassDevice.o
 .data          0x00800100        0x0 src/LUFA/LUFA/Drivers/USB/Class/Device/PrinterClassDevice.o
 .data          0x00800100        0x0 src/LUFA/LUFA/Drivers/USB/Class/Device/RNDISClassDevice.o
 .data          0x00800100        0x0 src/LUFA/LUFA/Drivers/USB/Class/Host/AndroidAccessoryClassHost.o
 .data          0x00800100        0x0 src/LUFA/LUFA/Drivers/USB/Class/Host/AudioClassHost.o
 .data          0x00800100        0x0 src/LUFA/LUFA/Drivers/USB/Class/Host/CDCClassHost.o
 .data          0x00800100        0x0 src/LUFA/LUFA/Drivers/USB/Class/Host/HIDClassHost.o
 .data          0x00800100        0x0 src/LUFA/LUFA/Drivers/USB/Class/Host/MassStorageClassHost.o
 .data          0x00800100        0x0 src/LUFA/LUFA/Drivers/USB/Class/Host/MIDIClassHost.o
 .data          0x00800100        0x0 src/LUFA/LUFA/Drivers/USB/Class/Host/PrinterClassHost.o
 .data          0x00800100        0x0 src/LUFA/LUFA/Drivers/USB/Class/Host/RNDISClassHost.o
 .data          0x00800100        0x0 src/LUFA/LUFA/Drivers/USB/Class/Host/StillImageClassHost.o
 .data          0x00800100        0x0 src/LUFA/LUFA/Drivers/USB/Core/AVR8/Device_AVR8.o
 .data          0x00800100        0x0 src/LUFA/LUFA/Drivers/USB/Core/AVR8/EndpointStream_AVR8.o
 .data          0x00800100        0x0 src/LUFA/LUFA/Drivers/USB/Core/AVR8/Endpoint_AVR8.o
 .data          0x00800100        0x0 src/LUFA/LUFA/Drivers/USB/Core/AVR8/Host_AVR8.o
 .data          0x00800100        0x0 src/LUFA/LUFA/Drivers/USB/Core/AVR8/PipeStream_AVR8.o
 .data          0x00800100        0x0 src/LUFA/LUFA/Drivers/USB/Core/AVR8/Pipe_AVR8.o
 .data          0x00800100        0x0 src/LUFA/LUFA/Drivers/USB/Core/AVR8/Template/Template_Endpoint_Control_R.o
 .data          0x00800100        0x0 src/LUFA/LUFA/Drivers/USB/Core/AVR8/Template/Template_Endpoint_Control_W.o
 .data          0x00800100        0x0 src/LUFA/LUFA/Drivers/USB/Core/AVR8/Template/Template_Endpoint_RW.o
 .data          0x00800100        0x0 src/LUFA/LUFA/Drivers/USB/Core/AVR8/Template/Template_Pipe_RW.o
 .data          0x00800100        0x0 src/LUFA/LUFA/Drivers/USB/Core/AVR8/USBController_AVR8.o
 .data          0x00800100        0x0 src/LUFA/LUFA/Drivers/USB/Core/AVR8/USBInterrupt_AVR8.o
 .data          0x00800100        0x0 src/LUFA/LUFA/Drivers/USB/Core/ConfigDescriptors.o
 .data          0x00800100        0x0 src/LUFA/LUFA/Drivers/USB/Core/DeviceStandardReq.o
 .data          0x00800100        0x0 src/LUFA/LUFA/Drivers/USB/Core/Events.o
 .data          0x00800100        0x0 src/LUFA/LUFA/Drivers/USB/Core/HostStandardReq.o
 .data          0x00800100        0x0 src/LUFA/LUFA/Drivers/USB/Core/USBTask.o
 .data          0x00800100        0x0 d:/program files (x86)/atmel/atmel toolchain/avr8 gcc/native/3.4.1051/avr8-gnu-toolchain/bin/../lib/gcc/avr/4.8.1/avr35\libgcc.a(_mulhi3.o)
 .data          0x00800100        0x0 d:/program files (x86)/atmel/atmel toolchain/avr8 gcc/native/3.4.1051/avr8-gnu-toolchain/bin/../lib/gcc/avr/4.8.1/avr35\libgcc.a(_exit.o)
 .data          0x00800100        0x0 d:/program files (x86)/atmel/atmel toolchain/avr8 gcc/native/3.4.1051/avr8-gnu-toolchain/bin/../lib/gcc/avr/4.8.1/avr35\libgcc.a(_tablejump.o)
 .data          0x00800100        0x0 d:/program files (x86)/atmel/atmel toolchain/avr8 gcc/native/3.4.1051/avr8-gnu-toolchain/bin/../lib/gcc/avr/4.8.1/avr35\libgcc.a(_copy_data.o)
 .data          0x00800100        0x0 d:/program files (x86)/atmel/atmel toolchain/avr8 gcc/native/3.4.1051/avr8-gnu-toolchain/bin/../lib/gcc/avr/4.8.1/avr35\libgcc.a(_clear_bss.o)
 .data          0x00800100        0x0 d:/program files (x86)/atmel/atmel toolchain/avr8 gcc/native/3.4.1051/avr8-gnu-toolchain/bin/../lib/gcc/avr/4.8.1/../../../../avr/lib/avr35\libc.a(memcpy_P.o)
 .data          0x00800100        0x0 d:/program files (x86)/atmel/atmel toolchain/avr8 gcc/native/3.4.1051/avr8-gnu-toolchain/bin/../lib/gcc/avr/4.8.1/../../../../avr/lib/avr35\libc.a(memcmp.o)
 .data          0x00800100        0x0 d:/program files (x86)/atmel/atmel toolchain/avr8 gcc/native/3.4.1051/avr8-gnu-toolchain/bin/../lib/gcc/avr/4.8.1/../../../../avr/lib/avr35\libc.a(memcpy.o)
 .data          0x00800100        0x0 d:/program files (x86)/atmel/atmel toolchain/avr8 gcc/native/3.4.1051/avr8-gnu-toolchain/bin/../lib/gcc/avr/4.8.1/../../../../avr/lib/avr35\libc.a(memset.o)
 .data          0x00800100        0x0 d:/program files (x86)/atmel/atmel toolchain/avr8 gcc/native/3.4.1051/avr8-gnu-toolchain/bin/../lib/gcc/avr/4.8.1/../../../../avr/lib/avr35\libc.a(eerd_byte_atmega32u2.o)
 .data          0x00800100        0x0 d:/program files (x86)/atmel/atmel toolchain/avr8 gcc/native/3.4.1051/avr8-gnu-toolchain/bin/../lib/gcc/avr/4.8.1/../../../../avr/lib/avr35\libc.a(eeupd_byte_atmega32u2.o)
 *(.data*)
 .data.expectedNextCCW
                0x00800100        0x1 src/Drivers/Encoder.o
                0x00800100                expectedNextCCW
 .data.expectedNextCC
                0x00800101        0x1 src/Drivers/Encoder.o
                0x00800101                expectedNextCC
 .data.lastPin  0x00800102        0x1 src/Drivers/Leds.o
 .data.lastPort
                0x00800103        0x2 src/Drivers/Leds.o
 .data.Generic_HID_Interface
                0x00800105       0x10 HidApp.o
                0x00800105                Generic_HID_Interface
 *(.rodata)
 *(.rodata*)
 .rodata.LedConfig_Ports
                0x00800115       0x10 src/Drivers/Leds.o
 .rodata.LedConfig_Pins
                0x00800125        0x8 src/Drivers/Leds.o
 *(.gnu.linkonce.d*)
                0x0080012e                . = ALIGN (0x2)
 *fill*         0x0080012d        0x1 
                0x0080012e                _edata = .
                0x0080012e                PROVIDE (__data_end, .)

.bss            0x0080012e       0x32
                0x0080012e                PROVIDE (__bss_start, .)
 *(.bss)
 *(.bss*)
 .bss.rotationState
                0x0080012e        0x1 src/Drivers/Encoder.o
                0x0080012e                rotationState
 .bss.EVENT_EncoderCCW
                0x0080012f        0x2 src/Drivers/Encoder.o
 .bss.EVENT_EncoderCW
                0x00800131        0x2 src/Drivers/Encoder.o
 .bss.EVENT_ButtonUp
                0x00800133        0x2 src/Drivers/Encoder.o
 .bss.EVENT_ButtonDown
                0x00800135        0x2 src/Drivers/Encoder.o
 .bss.buttonUp  0x00800137        0x1 src/Drivers/Encoder.o
 .bss.buttonDown
                0x00800138        0x1 src/Drivers/Encoder.o
 .bss.inputStateIndex
                0x00800139        0x1 src/Drivers/Encoder.o
 .bss.inputState
                0x0080013a        0x5 src/Drivers/Encoder.o
 .bss.lastDebouncedInputState
                0x0080013f        0x1 src/Drivers/Encoder.o
 .bss.debouncedInputState
                0x00800140        0x1 src/Drivers/Encoder.o
 .bss.colorSplitThreshold
                0x00800141        0x1 src/Drivers/Leds.o
 .bss.currentFrame
                0x00800142        0x7 src/Drivers/Leds.o
 .bss.clockwisePlus
                0x00800149        0x1 HidApp.o
 .bss.buttonState
                0x0080014a        0x1 HidApp.o
 .bss.PrevHIDReportBuffer
                0x0080014b        0x8 HidApp.o
 *(COMMON)
 COMMON         0x00800153        0x3 src/LUFA/LUFA/Drivers/USB/Core/DeviceStandardReq.o
                0x00800153                USB_Device_ConfigurationNumber
                0x00800154                USB_Device_CurrentlySelfPowered
                0x00800155                USB_Device_RemoteWakeupEnabled
 COMMON         0x00800156        0xa src/LUFA/LUFA/Drivers/USB/Core/USBTask.o
                0x00800156                USB_IsInitialized
                0x00800157                USB_DeviceState
                0x00800158                USB_ControlRequest
                0x00800160                PROVIDE (__bss_end, .)
                0x000012fc                __data_load_start = LOADADDR (.data)
                0x0000132a                __data_load_end = (__data_load_start + SIZEOF (.data))

.noinit         0x00800160        0x0
                0x00800160                PROVIDE (__noinit_start, .)
 *(.noinit*)
                0x00800160                PROVIDE (__noinit_end, .)
                0x00800160                _end = .
                0x00800160                PROVIDE (__heap_start, .)

.eeprom         0x00810000        0x0
 *(.eeprom*)
                0x00810000                __eeprom_end = .

.fuse
 *(.fuse)
 *(.lfuse)
 *(.hfuse)
 *(.efuse)

.lock
 *(.lock*)

.signature
 *(.signature*)

.user_signatures
 *(.user_signatures*)

.stab
 *(.stab)

.stabstr
 *(.stabstr)

.stab.excl
 *(.stab.excl)

.stab.exclstr
 *(.stab.exclstr)

.stab.index
 *(.stab.index)

.stab.indexstr
 *(.stab.indexstr)

.comment        0x00000000       0x30
 *(.comment)
 .comment       0x00000000       0x30 Descriptors.o
                                 0x31 (size before relaxing)
 .comment       0x00000000       0x31 src/config/BoardConfig.o
 .comment       0x00000000       0x31 src/Drivers/Encoder.o
 .comment       0x00000000       0x31 src/Drivers/Leds.o
 .comment       0x00000000       0x31 src/TransistorLabs/avr.o
 .comment       0x00000000       0x31 src/TransistorLabs/common.o
 .comment       0x00000000       0x31 HidApp.o
 .comment       0x00000000       0x31 src/LUFA/LUFA/Drivers/USB/Class/Common/HIDParser.o
 .comment       0x00000000       0x31 src/LUFA/LUFA/Drivers/USB/Class/Device/AudioClassDevice.o
 .comment       0x00000000       0x31 src/LUFA/LUFA/Drivers/USB/Class/Device/CDCClassDevice.o
 .comment       0x00000000       0x31 src/LUFA/LUFA/Drivers/USB/Class/Device/HIDClassDevice.o
 .comment       0x00000000       0x31 src/LUFA/LUFA/Drivers/USB/Class/Device/MassStorageClassDevice.o
 .comment       0x00000000       0x31 src/LUFA/LUFA/Drivers/USB/Class/Device/MIDIClassDevice.o
 .comment       0x00000000       0x31 src/LUFA/LUFA/Drivers/USB/Class/Device/PrinterClassDevice.o
 .comment       0x00000000       0x31 src/LUFA/LUFA/Drivers/USB/Class/Device/RNDISClassDevice.o
 .comment       0x00000000       0x31 src/LUFA/LUFA/Drivers/USB/Class/Host/AndroidAccessoryClassHost.o
 .comment       0x00000000       0x31 src/LUFA/LUFA/Drivers/USB/Class/Host/AudioClassHost.o
 .comment       0x00000000       0x31 src/LUFA/LUFA/Drivers/USB/Class/Host/CDCClassHost.o
 .comment       0x00000000       0x31 src/LUFA/LUFA/Drivers/USB/Class/Host/HIDClassHost.o
 .comment       0x00000000       0x31 src/LUFA/LUFA/Drivers/USB/Class/Host/MassStorageClassHost.o
 .comment       0x00000000       0x31 src/LUFA/LUFA/Drivers/USB/Class/Host/MIDIClassHost.o
 .comment       0x00000000       0x31 src/LUFA/LUFA/Drivers/USB/Class/Host/PrinterClassHost.o
 .comment       0x00000000       0x31 src/LUFA/LUFA/Drivers/USB/Class/Host/RNDISClassHost.o
 .comment       0x00000000       0x31 src/LUFA/LUFA/Drivers/USB/Class/Host/StillImageClassHost.o
 .comment       0x00000000       0x31 src/LUFA/LUFA/Drivers/USB/Core/AVR8/Device_AVR8.o
 .comment       0x00000000       0x31 src/LUFA/LUFA/Drivers/USB/Core/AVR8/EndpointStream_AVR8.o
 .comment       0x00000000       0x31 src/LUFA/LUFA/Drivers/USB/Core/AVR8/Endpoint_AVR8.o
 .comment       0x00000000       0x31 src/LUFA/LUFA/Drivers/USB/Core/AVR8/Host_AVR8.o
 .comment       0x00000000       0x31 src/LUFA/LUFA/Drivers/USB/Core/AVR8/PipeStream_AVR8.o
 .comment       0x00000000       0x31 src/LUFA/LUFA/Drivers/USB/Core/AVR8/Pipe_AVR8.o
 .comment       0x00000000       0x31 src/LUFA/LUFA/Drivers/USB/Core/AVR8/Template/Template_Endpoint_Control_R.o
 .comment       0x00000000       0x31 src/LUFA/LUFA/Drivers/USB/Core/AVR8/Template/Template_Endpoint_Control_W.o
 .comment       0x00000000       0x31 src/LUFA/LUFA/Drivers/USB/Core/AVR8/Template/Template_Endpoint_RW.o
 .comment       0x00000000       0x31 src/LUFA/LUFA/Drivers/USB/Core/AVR8/Template/Template_Pipe_RW.o
 .comment       0x00000000       0x31 src/LUFA/LUFA/Drivers/USB/Core/AVR8/USBController_AVR8.o
 .comment       0x00000000       0x31 src/LUFA/LUFA/Drivers/USB/Core/AVR8/USBInterrupt_AVR8.o
 .comment       0x00000000       0x31 src/LUFA/LUFA/Drivers/USB/Core/ConfigDescriptors.o
 .comment       0x00000000       0x31 src/LUFA/LUFA/Drivers/USB/Core/DeviceStandardReq.o
 .comment       0x00000000       0x31 src/LUFA/LUFA/Drivers/USB/Core/Events.o
 .comment       0x00000000       0x31 src/LUFA/LUFA/Drivers/USB/Core/HostStandardReq.o
 .comment       0x00000000       0x31 src/LUFA/LUFA/Drivers/USB/Core/USBTask.o

.note.gnu.build-id
 *(.note.gnu.build-id)

.debug
 *(.debug)

.line
 *(.line)

.debug_srcinfo
 *(.debug_srcinfo)

.debug_sfnames
 *(.debug_sfnames)

.debug_aranges
 *(.debug_aranges)

.debug_pubnames
 *(.debug_pubnames)

.debug_info
 *(.debug_info .gnu.linkonce.wi.*)

.debug_abbrev
 *(.debug_abbrev)

.debug_line
 *(.debug_line .debug_line.* .debug_line_end)

.debug_frame
 *(.debug_frame)

.debug_str
 *(.debug_str)

.debug_loc
 *(.debug_loc)

.debug_macinfo
 *(.debug_macinfo)

.debug_weaknames
 *(.debug_weaknames)

.debug_funcnames
 *(.debug_funcnames)

.debug_typenames
 *(.debug_typenames)

.debug_varnames
 *(.debug_varnames)

.debug_pubtypes
 *(.debug_pubtypes)

.debug_ranges
 *(.debug_ranges)

.debug_macro
 *(.debug_macro)
OUTPUT(GlowProxyXXU2.elf elf32-avr)
LOAD linker stubs
